// Jest Snapshot v1, https://goo.gl/fbAQLP

exports[`FlightsFiltersInput type should have valid fields 1`] = `
Object {
  "maxStopovers": Object {
    "name": "maxStopovers",
    "type": "Int",
  },
}
`;
