// Jest Snapshot v1, https://goo.gl/fbAQLP

exports[`LocationsOptions type should have valid fields 1`] = `
Object {
  "locale": Object {
    "name": "locale",
    "type": "Locale",
  },
}
`;
