// Jest Snapshot v1, https://goo.gl/fbAQLP

exports[`all hotels query should work for full query 1`] = `
Object {
  "data": Object {
    "allAvailableHotels": Object {
      "edges": Array [
        Object {
          "node": Object {
            "availableRooms": Array [
              Object {
                "id": "SG90ZWxSb29tQXZhaWxhYmlsaXR5OjI0ODUzOTAxXzk0MzY0OTI4XzFfMl8w",
                "incrementalPrice": Array [
                  Object {
                    "amount": 125,
                    "currency": "EUR",
                  },
                  Object {
                    "amount": 250,
                    "currency": "EUR",
                  },
                  Object {
                    "amount": 375,
                    "currency": "EUR",
                  },
                  Object {
                    "amount": 500,
                    "currency": "EUR",
                  },
                  Object {
                    "amount": 625,
                    "currency": "EUR",
                  },
                  Object {
                    "amount": 750,
                    "currency": "EUR",
                  },
                  Object {
                    "amount": 875,
                    "currency": "EUR",
                  },
                  Object {
                    "amount": 1000,
                    "currency": "EUR",
                  },
                ],
                "minimalPrice": Object {
                  "amount": 125,
                  "currency": "EUR",
                },
                "originalId": "24853901_94364928_1_2_0",
                "room": null,
              },
              Object {
                "id": "SG90ZWxSb29tQXZhaWxhYmlsaXR5OjI0ODUzOTAxXzEwNjY2NjM4N18xXzJfMA==",
                "incrementalPrice": Array [
                  Object {
                    "amount": 125,
                    "currency": "EUR",
                  },
                  Object {
                    "amount": 250,
                    "currency": "EUR",
                  },
                  Object {
                    "amount": 375,
                    "currency": "EUR",
                  },
                  Object {
                    "amount": 500,
                    "currency": "EUR",
                  },
                  Object {
                    "amount": 625,
                    "currency": "EUR",
                  },
                  Object {
                    "amount": 750,
                    "currency": "EUR",
                  },
                  Object {
                    "amount": 875,
                    "currency": "EUR",
                  },
                  Object {
                    "amount": 1000,
                    "currency": "EUR",
                  },
                ],
                "minimalPrice": Object {
                  "amount": 125,
                  "currency": "EUR",
                },
                "originalId": "24853901_106666387_1_2_0",
                "room": null,
              },
              Object {
                "id": "SG90ZWxSb29tQXZhaWxhYmlsaXR5OjI1MjE1MTVfOTUxNDkwMzZfMF8xXzA=",
                "incrementalPrice": Array [
                  Object {
                    "amount": 53.1,
                    "currency": "EUR",
                  },
                  Object {
                    "amount": 106.2,
                    "currency": "EUR",
                  },
                  Object {
                    "amount": 159.3,
                    "currency": "EUR",
                  },
                  Object {
                    "amount": 212.4,
                    "currency": "EUR",
                  },
                  Object {
                    "amount": 265.5,
                    "currency": "EUR",
                  },
                  Object {
                    "amount": 318.6,
                    "currency": "EUR",
                  },
                ],
                "minimalPrice": Object {
                  "amount": 53.1,
                  "currency": "EUR",
                },
                "originalId": "2521515_95149036_0_1_0",
                "room": Object {
                  "id": "aG90ZWxSb29tOjI1MjE1MTU=",
                  "type": "Twin/Double",
                },
              },
              Object {
                "id": "SG90ZWxSb29tQXZhaWxhYmlsaXR5OjI1MjE1MTVfMTAzMDE5NjI5XzBfMV8w",
                "incrementalPrice": Array [
                  Object {
                    "amount": 59,
                    "currency": "EUR",
                  },
                  Object {
                    "amount": 118,
                    "currency": "EUR",
                  },
                  Object {
                    "amount": 177,
                    "currency": "EUR",
                  },
                  Object {
                    "amount": 236,
                    "currency": "EUR",
                  },
                  Object {
                    "amount": 295,
                    "currency": "EUR",
                  },
                  Object {
                    "amount": 354,
                    "currency": "EUR",
                  },
                ],
                "minimalPrice": Object {
                  "amount": 59,
                  "currency": "EUR",
                },
                "originalId": "2521515_103019629_0_1_0",
                "room": Object {
                  "id": "aG90ZWxSb29tOjI1MjE1MTU=",
                  "type": "Twin/Double",
                },
              },
            ],
            "hotel": Object {
              "id": "aG90ZWw6MjUyMTU=",
              "originalId": "25215",
              "review": Object {
                "count": 2405,
                "description": null,
                "score": 8.3,
              },
              "summary": "Italiana Hotels Milan Rho Fair is set in a renovated cotton mill from the early 20th century, 10 minutes' drive from RhoFiera Milano exhibition centre. It offers air-conditioned rooms, free WiFi throughout, and a small gym with sauna and Turkish bath. This Italiana hotel features elegant rooms with parquet floors and a flat-screen TV with satellite channels. Some rooms feature tea and coffee making facilities, and luxury toiletries. Some also have a private terrace. On the top floor you will find the hotel's trendy Club 1902 bar, and the La Fabbrica del Cotone restaurant, both with panoramic views. The restaurant serves Mediterranean and Milanese specialities prepared by the chef each day. During major events, a free shuttle is offered to/from RhoFiera Milano exhibition centre. The property is 500 metres from Rho Train Station. From there, you can reach the EXPO 2015 exhibition centre in 4 minutes.",
            },
            "id": "SG90ZWxBdmFpbGFiaWxpdHk6MjUyMTU=",
            "price": Object {
              "amount": 528.71,
              "currency": "EUR",
            },
          },
        },
        Object {
          "node": Object {
            "availableRooms": Array [
              Object {
                "id": "SG90ZWxSb29tQXZhaWxhYmlsaXR5OjI0ODUzOTAxXzk0MzY0OTI4XzFfMl8w",
                "incrementalPrice": Array [
                  Object {
                    "amount": 125,
                    "currency": "EUR",
                  },
                  Object {
                    "amount": 250,
                    "currency": "EUR",
                  },
                  Object {
                    "amount": 375,
                    "currency": "EUR",
                  },
                  Object {
                    "amount": 500,
                    "currency": "EUR",
                  },
                  Object {
                    "amount": 625,
                    "currency": "EUR",
                  },
                  Object {
                    "amount": 750,
                    "currency": "EUR",
                  },
                  Object {
                    "amount": 875,
                    "currency": "EUR",
                  },
                  Object {
                    "amount": 1000,
                    "currency": "EUR",
                  },
                ],
                "minimalPrice": Object {
                  "amount": 125,
                  "currency": "EUR",
                },
                "originalId": "24853901_94364928_1_2_0",
                "room": null,
              },
              Object {
                "id": "SG90ZWxSb29tQXZhaWxhYmlsaXR5OjI0ODUzOTAxXzEwNjY2NjM4N18xXzJfMA==",
                "incrementalPrice": Array [
                  Object {
                    "amount": 125,
                    "currency": "EUR",
                  },
                  Object {
                    "amount": 250,
                    "currency": "EUR",
                  },
                  Object {
                    "amount": 375,
                    "currency": "EUR",
                  },
                  Object {
                    "amount": 500,
                    "currency": "EUR",
                  },
                  Object {
                    "amount": 625,
                    "currency": "EUR",
                  },
                  Object {
                    "amount": 750,
                    "currency": "EUR",
                  },
                  Object {
                    "amount": 875,
                    "currency": "EUR",
                  },
                  Object {
                    "amount": 1000,
                    "currency": "EUR",
                  },
                ],
                "minimalPrice": Object {
                  "amount": 125,
                  "currency": "EUR",
                },
                "originalId": "24853901_106666387_1_2_0",
                "room": null,
              },
              Object {
                "id": "SG90ZWxSb29tQXZhaWxhYmlsaXR5OjI1MjE1MTVfOTUxNDkwMzZfMF8xXzA=",
                "incrementalPrice": Array [
                  Object {
                    "amount": 53.1,
                    "currency": "EUR",
                  },
                  Object {
                    "amount": 106.2,
                    "currency": "EUR",
                  },
                  Object {
                    "amount": 159.3,
                    "currency": "EUR",
                  },
                  Object {
                    "amount": 212.4,
                    "currency": "EUR",
                  },
                  Object {
                    "amount": 265.5,
                    "currency": "EUR",
                  },
                  Object {
                    "amount": 318.6,
                    "currency": "EUR",
                  },
                ],
                "minimalPrice": Object {
                  "amount": 53.1,
                  "currency": "EUR",
                },
                "originalId": "2521515_95149036_0_1_0",
                "room": Object {
                  "id": "aG90ZWxSb29tOjI1MjE1MTU=",
                  "type": "Twin/Double",
                },
              },
              Object {
                "id": "SG90ZWxSb29tQXZhaWxhYmlsaXR5OjI1MjE1MTVfMTAzMDE5NjI5XzBfMV8w",
                "incrementalPrice": Array [
                  Object {
                    "amount": 59,
                    "currency": "EUR",
                  },
                  Object {
                    "amount": 118,
                    "currency": "EUR",
                  },
                  Object {
                    "amount": 177,
                    "currency": "EUR",
                  },
                  Object {
                    "amount": 236,
                    "currency": "EUR",
                  },
                  Object {
                    "amount": 295,
                    "currency": "EUR",
                  },
                  Object {
                    "amount": 354,
                    "currency": "EUR",
                  },
                ],
                "minimalPrice": Object {
                  "amount": 59,
                  "currency": "EUR",
                },
                "originalId": "2521515_103019629_0_1_0",
                "room": Object {
                  "id": "aG90ZWxSb29tOjI1MjE1MTU=",
                  "type": "Twin/Double",
                },
              },
            ],
            "hotel": Object {
              "id": "aG90ZWw6MjQ4NTM5",
              "originalId": "248539",
              "review": Object {
                "count": 4781,
                "description": null,
                "score": 8.4,
              },
              "summary": "Sheraton Milan Malpensa Hotel is located inside Malpensa Airport's Terminal 1. It offers air-conditioned rooms with minibar and flat-screen TV. A fitness centre is also available. Rooms at Sheraton Milano Malpensa Airport Hotel and Conference Centre are soundproofed and feature Sheraton Sweet Sleeper beds. Other hotel facilities include business meeting rooms, a spa and beauty centre and indoor swimming pool. Guests can sip a cocktail at the on-site bar and have dinner at the restaurant, which specialises in Italian cuisine. The hotel is a 40-minute drive from Milan centre, and 40 km from Rho Fiera Milano Exhibition Centre. You can also use public and private shuttles to Milan Central Railway Station.",
            },
            "id": "SG90ZWxBdmFpbGFiaWxpdHk6MjQ4NTM5",
            "price": Object {
              "amount": 775,
              "currency": "EUR",
            },
          },
        },
      ],
    },
  },
}
`;
