// Jest Snapshot v1, https://goo.gl/fbAQLP

exports[`Leg type should have valid fields 1`] = `
Object {
  "airline": Object {
    "args": Array [],
    "isDeprecated": false,
    "name": "airline",
    "resolve": [Function],
    "type": "Airline",
  },
  "arrival": Object {
    "args": Array [],
    "isDeprecated": false,
    "name": "arrival",
    "resolve": [Function],
    "type": "RouteStop",
  },
  "departure": Object {
    "args": Array [],
    "isDeprecated": false,
    "name": "departure",
    "resolve": [Function],
    "type": "RouteStop",
  },
  "duration": Object {
    "args": Array [],
    "description": "Leg duration in minutes.",
    "isDeprecated": false,
    "name": "duration",
    "resolve": [Function],
    "type": "Int",
  },
  "flightNumber": Object {
    "args": Array [],
    "isDeprecated": false,
    "name": "flightNumber",
    "resolve": [Function],
    "type": "Int",
  },
  "id": Object {
    "args": Array [],
    "description": "The ID of an object",
    "isDeprecated": false,
    "name": "id",
    "resolve": [Function],
    "type": "ID!",
  },
  "recheckRequired": Object {
    "args": Array [],
    "isDeprecated": false,
    "name": "recheckRequired",
    "resolve": [Function],
    "type": "Boolean",
  },
}
`;
