// Jest Snapshot v1, https://goo.gl/fbAQLP

exports[`FAQArticle should return article detail 1`] = `
Object {
  "data": Object {
    "FAQArticle": Object {
      "content": "<div><strong>You may also search for your flight number with:</strong></div><ul><li><a href=\\"http://www.flightradar24.com\\">Flightradar24.com</a></li><li>Google</li></ul><div><em>Your flight number may be found on your e-ticket.</em></div>",
      "id": "RkFRQXJ0aWNsZTozOQ==",
      "originalId": 39,
      "perex": "Your departure and arrival terminals should be stated on your boarding pass.",
      "title": "How do I know which terminals I will be using?",
    },
  },
}
`;

exports[`FAQArticle should return wrong response 1`] = `
Object {
  "data": Object {
    "FAQArticle": null,
  },
  "errors": Array [
    [GraphQLError: FAQArticle ID mishmash. You cannot query FAQ with ID '43453' because this ID is not ID of the FAQArticle. Please use opaque ID of the FAQArticle.],
  ],
}
`;
