// Jest Snapshot v1, https://goo.gl/fbAQLP

exports[`Booking type should have valid fields 1`] = `
Object {
  "allowedBaggage": Object {
    "args": Array [],
    "isDeprecated": false,
    "name": "allowedBaggage",
    "resolve": [Function],
    "type": "AllowedBaggage!",
  },
  "arrival": Object {
    "args": Array [],
    "isDeprecated": false,
    "name": "arrival",
    "resolve": [Function],
    "type": "RouteStop!",
  },
  "databaseId": Object {
    "args": Array [],
    "isDeprecated": false,
    "name": "databaseId",
    "resolve": [Function],
    "type": "Int!",
  },
  "departure": Object {
    "args": Array [],
    "isDeprecated": false,
    "name": "departure",
    "resolve": [Function],
    "type": "RouteStop!",
  },
  "id": Object {
    "args": Array [],
    "isDeprecated": false,
    "name": "id",
    "resolve": [Function],
    "type": "ID!",
  },
  "legs": Object {
    "args": Array [],
    "isDeprecated": false,
    "name": "legs",
    "resolve": [Function],
    "type": "[Leg!]!",
  },
}
`;
