// Jest Snapshot v1, https://goo.gl/fbAQLP

exports[`PassengerInput type should have valid fields 1`] = `
Object {
  "adults": Object {
    "name": "adults",
    "type": "Int!",
  },
}
`;
